2026-08-25 14:21:55,384 - INFO - [notebook_cli.main] - Initializing Notebook CLI application...
2026-08-25 14:21:57,528 - DEBUG - [notebook_cli.manager] - Manager: Requesting raw data from FileSystem layer...
2026-08-25 14:32:59,961 - INFO - [notebook_cli.main] - Initializing Notebook CLI application...
2026-08-25 14:38:40,362 - INFO - [notebook_cli.main] - Initializing Notebook CLI application...
2026-08-25 14:44:20,129 - DEBUG - [notebook_cli.manager] - Manager: Requesting raw data from FileSystem layer...
2026-08-25 14:48:18,465 - DEBUG - [notebook_cli.manager] - Loaded note ID 1 via reference classmethod.
2026-08-25 14:48:27,106 - DEBUG - [notebook_cli.manager] - Loaded note ID 2 via reference classmethod.
2026-08-25 14:48:32,442 - DEBUG - [notebook_cli.manager] - Loaded note ID 3 via reference classmethod.
2026-08-25 14:48:39,409 - DEBUG - [notebook_cli.manager] - Loaded note ID 4 via reference classmethod.
2026-08-25 14:48:44,009 - INFO - [notebook_cli.manager] - Successfully populated memory with 4 notes references.
2026-08-25 15:17:44,123 - INFO - [notebook_cli.main] - Initializing Notebook CLI application...
2026-08-25 15:17:44,126 - DEBUG - [notebook_cli.manager] - Manager: Requesting raw data from FileSystem layer...
2026-08-25 15:17:44,129 - DEBUG - [notebook_cli.manager] - Loaded note ID 1 via reference classmethod.
2026-08-25 15:17:44,130 - DEBUG - [notebook_cli.manager] - Loaded note ID 2 via reference classmethod.
2026-08-25 15:17:44,130 - DEBUG - [notebook_cli.manager] - Loaded note ID 3 via reference classmethod.
2026-08-25 15:17:44,130 - DEBUG - [notebook_cli.manager] - Loaded note ID 4 via reference classmethod.
2026-08-25 15:17:44,131 - INFO - [notebook_cli.manager] - Successfully populated memory with 4 notes references.
2026-08-25 15:17:44,143 - DEBUG - [notebook_cli.main] - CLI arguments parsed: Action=update, ID=1, Title='This is my debug title'
2026-08-25 15:17:44,144 - DEBUG - [notebook_cli.manager] - Attempting to locate note ID 1 for title modification.
2026-08-25 15:17:44,144 - INFO - [notebook_cli.manager] - Note title updated in memory wrapper for ID 1.
2026-08-25 15:17:44,144 - DEBUG - [notebook_cli.manager] - Manager: Serializing object matrix back to dictionaries...
2026-08-25 15:17:44,147 - INFO - [notebook_cli.manager] - Database matrix successfully stored via FileSystem layer.
2026-08-25 15:17:44,148 - INFO - [notebook_cli.main] - CLI: Successfully completed update command for note ID 1.
2026-08-25 15:20:31,952 - INFO - [notebook_cli.main] - Initializing Notebook CLI application...
2026-08-25 15:20:31,954 - DEBUG - [notebook_cli.manager] - Manager: Requesting raw data from FileSystem layer...
2026-08-25 15:20:31,956 - DEBUG - [notebook_cli.manager] - Loaded note ID 1 via reference classmethod.
2026-08-25 15:20:31,956 - DEBUG - [notebook_cli.manager] - Loaded note ID 2 via reference classmethod.
2026-08-25 15:20:31,957 - DEBUG - [notebook_cli.manager] - Loaded note ID 3 via reference classmethod.
2026-08-25 15:20:31,957 - DEBUG - [notebook_cli.manager] - Loaded note ID 4 via reference classmethod.
2026-08-25 15:20:31,957 - INFO - [notebook_cli.manager] - Successfully populated memory with 4 notes references.
2026-08-25 15:20:31,966 - DEBUG - [notebook_cli.main] - CLI arguments parsed: Action=update, ID=1, Title='This is my debug title'
2026-08-25 15:20:31,967 - DEBUG - [notebook_cli.manager] - Attempting to locate note ID 1 for title modification.
2026-08-25 15:20:31,967 - INFO - [notebook_cli.manager] - Note title updated in memory wrapper for ID 1.
2026-08-25 15:20:31,967 - DEBUG - [notebook_cli.manager] - Manager: Serializing object matrix back to dictionaries...
2026-08-25 15:20:31,970 - INFO - [notebook_cli.manager] - Database matrix successfully stored via FileSystem layer.
2026-08-25 15:20:31,970 - INFO - [notebook_cli.main] - CLI: Successfully completed update command for note ID 1.
2026-08-25 15:20:39,683 - INFO - [notebook_cli.main] - Initializing Notebook CLI application...
2026-08-25 15:20:40,882 - DEBUG - [notebook_cli.manager] - Manager: Requesting raw data from FileSystem layer...
2026-08-25 15:20:47,666 - DEBUG - [notebook_cli.manager] - Loaded note ID 1 via reference classmethod.
2026-08-25 15:20:52,569 - DEBUG - [notebook_cli.manager] - Loaded note ID 2 via reference classmethod.
2026-08-25 15:21:00,282 - DEBUG - [notebook_cli.manager] - Loaded note ID 3 via reference classmethod.
2026-08-25 15:21:34,082 - DEBUG - [notebook_cli.manager] - Loaded note ID 4 via reference classmethod.
2026-08-25 15:21:36,547 - INFO - [notebook_cli.manager] - Successfully populated memory with 4 notes references.
2026-08-25 15:44:57,597 - DEBUG - [notebook_cli.main] - CLI arguments parsed: Action=update, ID=1, Title='This is my debug title'
2026-08-25 15:45:17,805 - DEBUG - [notebook_cli.manager] - Attempting to locate note ID 1 for title modification.
2026-08-25 15:45:29,166 - INFO - [notebook_cli.manager] - Note title updated in memory wrapper for ID 1.
2026-08-25 15:45:35,997 - DEBUG - [notebook_cli.manager] - Manager: Serializing object matrix back to dictionaries...
2026-08-26 11:43:46,908 - INFO - [notebook_cli.main] - Initializing Notebook CLI application...
2026-08-26 12:06:12,969 - INFO - [notebook_cli.main] - Initializing Notebook CLI application...
2026-08-26 12:06:12,970 - DEBUG - [notebook_cli.manager] - Manager: Requesting raw data from FileSystem layer...
2026-08-26 12:06:12,983 - DEBUG - [notebook_cli.manager] - Loaded note ID 1 via reference classmethod.
2026-08-26 12:06:12,983 - DEBUG - [notebook_cli.manager] - Loaded note ID 2 via reference classmethod.
2026-08-26 12:06:12,983 - DEBUG - [notebook_cli.manager] - Loaded note ID 3 via reference classmethod.
2026-08-26 12:06:12,983 - DEBUG - [notebook_cli.manager] - Loaded note ID 4 via reference classmethod.
2026-08-26 12:06:12,983 - INFO - [notebook_cli.manager] - Successfully populated memory with 4 notes references.
2026-08-26 12:06:13,002 - DEBUG - [notebook_cli.main] - CLI arguments parsed: Action=update, ID=2, Title='new title for note 2'
2026-08-26 12:06:13,002 - DEBUG - [notebook_cli.manager] - Attempting to locate note ID 2 for title modification.
2026-08-26 12:06:13,002 - INFO - [notebook_cli.manager] - Note title updated in memory wrapper for ID 2.
2026-08-26 12:06:13,002 - DEBUG - [notebook_cli.manager] - Manager: Serializing object matrix back to dictionaries...
2026-08-26 12:06:13,003 - INFO - [notebook_cli.manager] - Database matrix successfully stored via FileSystem layer.
2026-08-26 12:06:13,004 - INFO - [notebook_cli.main] - CLI: Successfully completed update command for note ID 2.
2026-08-31 16:01:19,557 - INFO - [notebook_cli.main] - Initializing Notebook CLI application...
